[debug] [2026-03-14T03:01:47.819Z] ----------------------------------------------------------------------
[debug] [2026-03-14T03:01:47.823Z] Command:       C:\Program Files\nodejs\node.exe C:\Users\gusta\AppData\Roaming\npm\node_modules\firebase-tools\lib\bin\firebase.js deploy --only functions
[debug] [2026-03-14T03:01:47.824Z] CLI Version:   15.7.0
[debug] [2026-03-14T03:01:47.824Z] Platform:      win32
[debug] [2026-03-14T03:01:47.824Z] Node Version:  v22.18.0
[debug] [2026-03-14T03:01:47.824Z] Time:          Sat Mar 14 2026 00:01:47 GMT-0300 (hora estándar de Argentina)
[debug] [2026-03-14T03:01:47.824Z] ----------------------------------------------------------------------
[debug] 
[debug] [2026-03-14T03:01:50.176Z] > command requires scopes: ["email","openid","https://www.googleapis.com/auth/cloudplatformprojects.readonly","https://www.googleapis.com/auth/firebase","https://www.googleapis.com/auth/cloud-platform"]
[debug] [2026-03-14T03:01:50.176Z] > authorizing via signed-in user (gustavoponline@gmail.com)
[debug] [2026-03-14T03:01:50.176Z] [iam] checking project seguridad-mdp-v2 for permissions ["cloudfunctions.functions.create","cloudfunctions.functions.delete","cloudfunctions.functions.get","cloudfunctions.functions.list","cloudfunctions.functions.update","cloudfunctions.operations.get","firebase.projects.get"]
[debug] [2026-03-14T03:01:50.178Z] Checked if tokens are valid: true, expires at: 1773458576500
[debug] [2026-03-14T03:01:50.178Z] Checked if tokens are valid: true, expires at: 1773458576500
[debug] [2026-03-14T03:01:50.179Z] >>> [apiv2][query] POST https://cloudresourcemanager.googleapis.com/v1/projects/seguridad-mdp-v2:testIamPermissions [none]
[debug] [2026-03-14T03:01:50.179Z] >>> [apiv2][(partial)header] POST https://cloudresourcemanager.googleapis.com/v1/projects/seguridad-mdp-v2:testIamPermissions  x-goog-user-project=seguridad-mdp-v2
[debug] [2026-03-14T03:01:50.179Z] >>> [apiv2][body] POST https://cloudresourcemanager.googleapis.com/v1/projects/seguridad-mdp-v2:testIamPermissions {"permissions":["cloudfunctions.functions.create","cloudfunctions.functions.delete","cloudfunctions.functions.get","cloudfunctions.functions.list","cloudfunctions.functions.update","cloudfunctions.operations.get","firebase.projects.get"]}
[debug] [2026-03-14T03:01:51.139Z] <<< [apiv2][status] POST https://cloudresourcemanager.googleapis.com/v1/projects/seguridad-mdp-v2:testIamPermissions 200
[debug] [2026-03-14T03:01:51.139Z] <<< [apiv2][body] POST https://cloudresourcemanager.googleapis.com/v1/projects/seguridad-mdp-v2:testIamPermissions {"permissions":["cloudfunctions.functions.create","cloudfunctions.functions.delete","cloudfunctions.functions.get","cloudfunctions.functions.list","cloudfunctions.functions.update","cloudfunctions.operations.get","firebase.projects.get"]}
[debug] [2026-03-14T03:01:51.140Z] Checked if tokens are valid: true, expires at: 1773458576500
[debug] [2026-03-14T03:01:51.140Z] Checked if tokens are valid: true, expires at: 1773458576500
[debug] [2026-03-14T03:01:51.140Z] >>> [apiv2][query] POST https://iam.googleapis.com/v1/projects/seguridad-mdp-v2/serviceAccounts/seguridad-mdp-v2@appspot.gserviceaccount.com:testIamPermissions [none]
[debug] [2026-03-14T03:01:51.140Z] >>> [apiv2][body] POST https://iam.googleapis.com/v1/projects/seguridad-mdp-v2/serviceAccounts/seguridad-mdp-v2@appspot.gserviceaccount.com:testIamPermissions {"permissions":["iam.serviceAccounts.actAs"]}
[debug] [2026-03-14T03:01:52.030Z] <<< [apiv2][status] POST https://iam.googleapis.com/v1/projects/seguridad-mdp-v2/serviceAccounts/seguridad-mdp-v2@appspot.gserviceaccount.com:testIamPermissions 200
[debug] [2026-03-14T03:01:52.030Z] <<< [apiv2][body] POST https://iam.googleapis.com/v1/projects/seguridad-mdp-v2/serviceAccounts/seguridad-mdp-v2@appspot.gserviceaccount.com:testIamPermissions {"permissions":["iam.serviceAccounts.actAs"]}
[info] 
[info] === Deploying to 'seguridad-mdp-v2'...
[info] 
[info] i  deploying functions 
[debug] [2026-03-14T03:01:52.036Z] Checked if tokens are valid: true, expires at: 1773458576500
[debug] [2026-03-14T03:01:52.036Z] Checked if tokens are valid: true, expires at: 1773458576500
[debug] [2026-03-14T03:01:52.036Z] >>> [apiv2][query] GET https://cloudresourcemanager.googleapis.com/v1/projects/seguridad-mdp-v2 [none]
[debug] [2026-03-14T03:01:52.260Z] <<< [apiv2][status] GET https://cloudresourcemanager.googleapis.com/v1/projects/seguridad-mdp-v2 200
[debug] [2026-03-14T03:01:52.260Z] <<< [apiv2][body] GET https://cloudresourcemanager.googleapis.com/v1/projects/seguridad-mdp-v2 {"projectNumber":"333795086790","projectId":"seguridad-mdp-v2","lifecycleState":"ACTIVE","name":"Mapa de Seguridad","labels":{"firebase":"enabled","firebase-core":"disabled"},"createTime":"2026-02-08T12:59:24.183017Z"}
[info] i  functions: preparing codebase default for deployment 
[info] i  functions: ensuring required API cloudfunctions.googleapis.com is enabled... 
[info] i  functions: ensuring required API cloudbuild.googleapis.com is enabled... 
[info] i  artifactregistry: ensuring required API artifactregistry.googleapis.com is enabled... 
[debug] [2026-03-14T03:01:52.265Z] Checked if tokens are valid: true, expires at: 1773458576500
[debug] [2026-03-14T03:01:52.265Z] Checked if tokens are valid: true, expires at: 1773458576500
[debug] [2026-03-14T03:01:52.265Z] >>> [apiv2][query] GET https://firebase.googleapis.com/v1beta1/projects/seguridad-mdp-v2/adminSdkConfig [none]
[debug] [2026-03-14T03:01:52.932Z] <<< [apiv2][status] GET https://firebase.googleapis.com/v1beta1/projects/seguridad-mdp-v2/adminSdkConfig 200
[debug] [2026-03-14T03:01:52.933Z] <<< [apiv2][body] GET https://firebase.googleapis.com/v1beta1/projects/seguridad-mdp-v2/adminSdkConfig {"projectId":"seguridad-mdp-v2","databaseURL":"https://seguridad-mdp-v2-default-rtdb.firebaseio.com","storageBucket":"seguridad-mdp-v2.firebasestorage.app"}
[debug] [2026-03-14T03:01:52.933Z] Checked if tokens are valid: true, expires at: 1773458576500
[debug] [2026-03-14T03:01:52.933Z] Checked if tokens are valid: true, expires at: 1773458576500
[debug] [2026-03-14T03:01:52.933Z] >>> [apiv2][query] GET https://runtimeconfig.googleapis.com/v1beta1/projects/seguridad-mdp-v2/configs [none]
[debug] [2026-03-14T03:01:53.916Z] <<< [apiv2][status] GET https://runtimeconfig.googleapis.com/v1beta1/projects/seguridad-mdp-v2/configs 200
[debug] [2026-03-14T03:01:53.917Z] <<< [apiv2][body] GET https://runtimeconfig.googleapis.com/v1beta1/projects/seguridad-mdp-v2/configs {}
[debug] [2026-03-14T03:01:53.918Z] Validating nodejs source
[warn] !  functions: Runtime Node.js 20 will be deprecated on 2026-04-30 and will be decommissioned on 2026-10-30, after which you will not be able to deploy without upgrading. Consider upgrading now to avoid disruption. See https://cloud.google.com/functions/docs/runtime-support for full details on the lifecycle policy 
[warn] !  functions: package.json indicates an outdated version of firebase-functions. Please upgrade using npm install --save firebase-functions@latest in your functions directory. 
[warn] !  functions: Please note that there will be breaking changes when you upgrade. 
[debug] [2026-03-14T03:01:55.797Z] > [functions] package.json contents: {
  "name": "firebase-functions",
  "description": "Cloud Functions for MapaTrafico",
  "version": "1.0.0",
  "private": true,
  "engines": {
    "node": "20"
  },
  "dependencies": {
    "firebase-admin": "^11.11.0",
    "firebase-functions": "^4.4.1",
    "axios": "^1.6.0"
  }
}
[debug] [2026-03-14T03:01:55.797Z] Building nodejs source
[info] i  functions: Loading and analyzing source code for codebase default to determine what to deploy 
[info] i  functions: You are using a version of firebase-functions SDK (4.9.0) that does not have support for the newest Firebase Extensions features. Please update firebase-functions SDK to >=5.1.0 to use them correctly 
[debug] [2026-03-14T03:01:55.799Z] Could not find functions.yaml. Must use http discovery
[debug] [2026-03-14T03:01:55.812Z] Found firebase-functions binary at 'C:\Users\gusta\MapaTraficoFinal\functions\node_modules\.bin\firebase-functions'
[info] Serving at port 8232

[debug] [2026-03-14T03:02:00.186Z] Got response from /__/functions.yaml {"endpoints":{"geocodeAddress":{"platform":"gcfv1","availableMemoryMb":null,"timeoutSeconds":null,"minInstances":null,"maxInstances":null,"ingressSettings":null,"serviceAccountEmail":null,"vpc":null,"httpsTrigger":{},"entryPoint":"geocodeAddress"}},"specVersion":"v1alpha1","requiredAPIs":[]}
[info] i  functions: preparing functions directory for uploading... 
[info] i  functions: packaged C:\Users\gusta\MapaTraficoFinal\functions (39.48 KB) for uploading 
[debug] [2026-03-14T03:02:04.284Z] Checked if tokens are valid: true, expires at: 1773458576500
[debug] [2026-03-14T03:02:04.285Z] Checked if tokens are valid: true, expires at: 1773458576500
[debug] [2026-03-14T03:02:04.285Z] >>> [apiv2][query] GET https://cloudfunctions.googleapis.com/v1/projects/seguridad-mdp-v2/locations/-/functions [none]
[debug] [2026-03-14T03:02:05.348Z] <<< [apiv2][status] GET https://cloudfunctions.googleapis.com/v1/projects/seguridad-mdp-v2/locations/-/functions 200
[debug] [2026-03-14T03:02:05.349Z] <<< [apiv2][body] GET https://cloudfunctions.googleapis.com/v1/projects/seguridad-mdp-v2/locations/-/functions {}
[debug] [2026-03-14T03:02:05.349Z] Checked if tokens are valid: true, expires at: 1773458576500
[debug] [2026-03-14T03:02:05.349Z] Checked if tokens are valid: true, expires at: 1773458576500
[debug] [2026-03-14T03:02:05.349Z] >>> [apiv2][query] GET https://cloudfunctions.googleapis.com/v2/projects/seguridad-mdp-v2/locations/-/functions filter=environment%3D%22GEN_2%22
[debug] [2026-03-14T03:02:06.792Z] <<< [apiv2][status] GET https://cloudfunctions.googleapis.com/v2/projects/seguridad-mdp-v2/locations/-/functions 200
[debug] [2026-03-14T03:02:06.793Z] <<< [apiv2][body] GET https://cloudfunctions.googleapis.com/v2/projects/seguridad-mdp-v2/locations/-/functions {}
[debug] [2026-03-14T03:02:06.796Z] Checked if tokens are valid: true, expires at: 1773458576500
[debug] [2026-03-14T03:02:06.797Z] Checked if tokens are valid: true, expires at: 1773458576500
[debug] [2026-03-14T03:02:06.797Z] >>> [apiv2][query] GET https://cloudresourcemanager.googleapis.com/v1/projects/seguridad-mdp-v2 [none]
[debug] [2026-03-14T03:02:07.735Z] <<< [apiv2][status] GET https://cloudresourcemanager.googleapis.com/v1/projects/seguridad-mdp-v2 200
[debug] [2026-03-14T03:02:07.735Z] <<< [apiv2][body] GET https://cloudresourcemanager.googleapis.com/v1/projects/seguridad-mdp-v2 {"projectNumber":"333795086790","projectId":"seguridad-mdp-v2","lifecycleState":"ACTIVE","name":"Mapa de Seguridad","labels":{"firebase":"enabled","firebase-core":"disabled"},"createTime":"2026-02-08T12:59:24.183017Z"}
[debug] [2026-03-14T03:02:07.736Z] [functions] found 1 new HTTP functions, testing setIamPolicy permission...
[debug] [2026-03-14T03:02:07.736Z] Checked if tokens are valid: true, expires at: 1773458576500
[debug] [2026-03-14T03:02:07.736Z] Checked if tokens are valid: true, expires at: 1773458576500
[debug] [2026-03-14T03:02:07.736Z] >>> [apiv2][query] POST https://cloudresourcemanager.googleapis.com/v1/projects/seguridad-mdp-v2:testIamPermissions [none]
[debug] [2026-03-14T03:02:07.737Z] >>> [apiv2][(partial)header] POST https://cloudresourcemanager.googleapis.com/v1/projects/seguridad-mdp-v2:testIamPermissions  x-goog-user-project=seguridad-mdp-v2
[debug] [2026-03-14T03:02:07.737Z] >>> [apiv2][body] POST https://cloudresourcemanager.googleapis.com/v1/projects/seguridad-mdp-v2:testIamPermissions {"permissions":["cloudfunctions.functions.setIamPolicy"]}
[debug] [2026-03-14T03:02:07.934Z] <<< [apiv2][status] POST https://cloudresourcemanager.googleapis.com/v1/projects/seguridad-mdp-v2:testIamPermissions 200
[debug] [2026-03-14T03:02:07.934Z] <<< [apiv2][body] POST https://cloudresourcemanager.googleapis.com/v1/projects/seguridad-mdp-v2:testIamPermissions {"permissions":["cloudfunctions.functions.setIamPolicy"]}
[debug] [2026-03-14T03:02:07.935Z] [functions] found setIamPolicy permission, proceeding with deploy
[debug] [2026-03-14T03:02:07.935Z] Checked if tokens are valid: true, expires at: 1773458576500
[debug] [2026-03-14T03:02:07.935Z] Checked if tokens are valid: true, expires at: 1773458576500
[debug] [2026-03-14T03:02:07.936Z] >>> [apiv2][query] POST https://cloudfunctions.googleapis.com/v1/projects/seguridad-mdp-v2/locations/us-central1/functions:generateUploadUrl [none]
[debug] [2026-03-14T03:02:07.936Z] >>> [apiv2][body] POST https://cloudfunctions.googleapis.com/v1/projects/seguridad-mdp-v2/locations/us-central1/functions:generateUploadUrl {}
[debug] [2026-03-14T03:02:18.392Z] <<< [apiv2][status] POST https://cloudfunctions.googleapis.com/v1/projects/seguridad-mdp-v2/locations/us-central1/functions:generateUploadUrl 200
[debug] [2026-03-14T03:02:18.392Z] <<< [apiv2][body] POST https://cloudfunctions.googleapis.com/v1/projects/seguridad-mdp-v2/locations/us-central1/functions:generateUploadUrl {"uploadUrl":"https://storage.googleapis.com/uploads-620655671757.us-central1.cloudfunctions.appspot.com/ff862aa0-1452-458d-a439-3b672df0f43e.zip?GoogleAccessId=service-333795086790@gcf-admin-robot.iam.gserviceaccount.com&Expires=1773459140&Signature=SWzFB4XLzVAnhfVqSuMg9wGrQK008qDmuWTV2yug5xOsUrRtmmcJPFMKXNTdD5X%2B0Ox9IU4uDkCgQAdqo0IxzuOhUa38enU%2BEQ6IaWwASCyk36A%2FRBrbKuFQvHUOd2SQhSRSbBLe4KSajplQn5KCjSF%2BzHf5fr8KdYvS7xnI3hSl4yzCsj%2FupE6xuxo%2BS35c%2FJF%2BSRZoHsRqwxL6yDWrwtFeQQkQEXLYPVpzU2vNO0HRqmsOzG9galNjOTLHm%2BAuVGBq2WydvfI9l8bcnLuYHv%2BiEJ2bxft7KIG9z6HjS2ETBk9%2FePLVm2lazrHnMmu81p4JTPmN%2Bq8XDPFzNvgd5w%3D%3D"}
[debug] [2026-03-14T03:02:18.393Z] >>> [apiv2][query] PUT https://storage.googleapis.com/uploads-620655671757.us-central1.cloudfunctions.appspot.com/ff862aa0-1452-458d-a439-3b672df0f43e.zip GoogleAccessId=service-333795086790%40gcf-admin-robot.iam.gserviceaccount.com&Expires=1773459140&Signature=SWzFB4XLzVAnhfVqSuMg9wGrQK008qDmuWTV2yug5xOsUrRtmmcJPFMKXNTdD5X%2B0Ox9IU4uDkCgQAdqo0IxzuOhUa38enU%2BEQ6IaWwASCyk36A%2FRBrbKuFQvHUOd2SQhSRSbBLe4KSajplQn5KCjSF%2BzHf5fr8KdYvS7xnI3hSl4yzCsj%2FupE6xuxo%2BS35c%2FJF%2BSRZoHsRqwxL6yDWrwtFeQQkQEXLYPVpzU2vNO0HRqmsOzG9galNjOTLHm%2BAuVGBq2WydvfI9l8bcnLuYHv%2BiEJ2bxft7KIG9z6HjS2ETBk9%2FePLVm2lazrHnMmu81p4JTPmN%2Bq8XDPFzNvgd5w%3D%3D
[debug] [2026-03-14T03:02:18.393Z] >>> [apiv2][body] PUT https://storage.googleapis.com/uploads-620655671757.us-central1.cloudfunctions.appspot.com/ff862aa0-1452-458d-a439-3b672df0f43e.zip [stream]
[debug] [2026-03-14T03:02:19.316Z] <<< [apiv2][status] PUT https://storage.googleapis.com/uploads-620655671757.us-central1.cloudfunctions.appspot.com/ff862aa0-1452-458d-a439-3b672df0f43e.zip 200
[debug] [2026-03-14T03:02:19.317Z] <<< [apiv2][body] PUT https://storage.googleapis.com/uploads-620655671757.us-central1.cloudfunctions.appspot.com/ff862aa0-1452-458d-a439-3b672df0f43e.zip [omitted]
[info] +  functions: functions source uploaded successfully 
[info] i  functions: creating Node.js 20 (1st Gen) function geocodeAddress(us-central1)... 
[debug] [2026-03-14T03:02:19.322Z] Checked if tokens are valid: true, expires at: 1773458576500
[debug] [2026-03-14T03:02:19.322Z] Checked if tokens are valid: true, expires at: 1773458576500
[debug] [2026-03-14T03:02:19.322Z] >>> [apiv2][query] POST https://cloudfunctions.googleapis.com/v1/projects/seguridad-mdp-v2/locations/us-central1/functions [none]
[debug] [2026-03-14T03:02:19.322Z] >>> [apiv2][body] POST https://cloudfunctions.googleapis.com/v1/projects/seguridad-mdp-v2/locations/us-central1/functions {"name":"projects/seguridad-mdp-v2/locations/us-central1/functions/geocodeAddress","sourceUploadUrl":"https://storage.googleapis.com/uploads-620655671757.us-central1.cloudfunctions.appspot.com/ff862aa0-1452-458d-a439-3b672df0f43e.zip?GoogleAccessId=service-333795086790@gcf-admin-robot.iam.gserviceaccount.com&Expires=1773459140&Signature=SWzFB4XLzVAnhfVqSuMg9wGrQK008qDmuWTV2yug5xOsUrRtmmcJPFMKXNTdD5X%2B0Ox9IU4uDkCgQAdqo0IxzuOhUa38enU%2BEQ6IaWwASCyk36A%2FRBrbKuFQvHUOd2SQhSRSbBLe4KSajplQn5KCjSF%2BzHf5fr8KdYvS7xnI3hSl4yzCsj%2FupE6xuxo%2BS35c%2FJF%2BSRZoHsRqwxL6yDWrwtFeQQkQEXLYPVpzU2vNO0HRqmsOzG9galNjOTLHm%2BAuVGBq2WydvfI9l8bcnLuYHv%2BiEJ2bxft7KIG9z6HjS2ETBk9%2FePLVm2lazrHnMmu81p4JTPmN%2Bq8XDPFzNvgd5w%3D%3D","entryPoint":"geocodeAddress","runtime":"nodejs20","dockerRegistry":"ARTIFACT_REGISTRY","labels":{"deployment-tool":"cli-firebase","firebase-functions-hash":"8632646d787e6d2146e0587b0a2b1c4d0f9d0837"},"httpsTrigger":{"securityLevel":"SECURE_ALWAYS"},"minInstances":null,"maxInstances":null,"ingressSettings":null,"environmentVariables":{"FIREBASE_CONFIG":"{\"projectId\":\"seguridad-mdp-v2\",\"databaseURL\":\"https://seguridad-mdp-v2-default-rtdb.firebaseio.com\",\"storageBucket\":\"seguridad-mdp-v2.firebasestorage.app\"}","GCLOUD_PROJECT":"seguridad-mdp-v2","EVENTARC_CLOUD_EVENT_SOURCE":"projects/seguridad-mdp-v2/locations/us-central1/functions/geocodeAddress"},"serviceAccountEmail":null,"availableMemoryMb":null,"timeout":null,"vpcConnector":null,"vpcConnectorEgressSettings":null,"buildEnvironmentVariables":{"GOOGLE_NODE_RUN_SCRIPTS":""}}
[debug] [2026-03-14T03:02:20.857Z] <<< [apiv2][status] POST https://cloudfunctions.googleapis.com/v1/projects/seguridad-mdp-v2/locations/us-central1/functions 403
[debug] [2026-03-14T03:02:20.858Z] <<< [apiv2][body] POST https://cloudfunctions.googleapis.com/v1/projects/seguridad-mdp-v2/locations/us-central1/functions {"error":{"code":403,"message":"Failed to create 1st Gen function projects/seguridad-mdp-v2/locations/us-central1/functions/geocodeAddress: Unable to retrieve the repository metadata for projects/seguridad-mdp-v2/locations/us-central1/repositories/gcf-artifacts. Ensure that the Cloud Functions service account has 'artifactregistry.repositories.list' and 'artifactregistry.repositories.get' permissions. You can add the permissions by granting the role 'roles/artifactregistry.reader'.","status":"PERMISSION_DENIED"}}
[warn] !  functions: failed to create function projects/seguridad-mdp-v2/locations/us-central1/functions/geocodeAddress 
[error] Failed to create function projects/seguridad-mdp-v2/locations/us-central1/functions/geocodeAddress
[debug] [2026-03-14T03:02:20.868Z] Total Function Deployment time: 1540
[debug] [2026-03-14T03:02:20.868Z] 1 Functions Deployed
[debug] [2026-03-14T03:02:20.868Z] 1 Functions Errored
[debug] [2026-03-14T03:02:20.868Z] 0 Function Deployments Aborted
[debug] [2026-03-14T03:02:20.868Z] Average Function Deployment time: 1539
[info] 
[info] Functions deploy had errors with the following functions:
	geocodeAddress(us-central1)
[debug] [2026-03-14T03:02:21.036Z] Not printing URL for HTTPS function. Typically this means it didn't match a filter or we failed deployment
[debug] [2026-03-14T03:02:21.037Z] Checked if tokens are valid: true, expires at: 1773458576500
[debug] [2026-03-14T03:02:21.037Z] Checked if tokens are valid: true, expires at: 1773458576500
[debug] [2026-03-14T03:02:21.037Z] >>> [apiv2][query] GET https://artifactregistry.googleapis.com/v1/projects/seguridad-mdp-v2/locations/us-central1/repositories/gcf-artifacts [none]
[debug] [2026-03-14T03:02:22.169Z] <<< [apiv2][status] GET https://artifactregistry.googleapis.com/v1/projects/seguridad-mdp-v2/locations/us-central1/repositories/gcf-artifacts 404
[debug] [2026-03-14T03:02:22.170Z] <<< [apiv2][body] GET https://artifactregistry.googleapis.com/v1/projects/seguridad-mdp-v2/locations/us-central1/repositories/gcf-artifacts {"error":{"code":404,"message":"Requested entity was not found.","status":"NOT_FOUND"}}
[debug] [2026-03-14T03:02:22.170Z] Failed to check artifact cleanup policy for region us-central1: Request to https://artifactregistry.googleapis.com/v1/projects/seguridad-mdp-v2/locations/us-central1/repositories/gcf-artifacts had HTTP Error: 404, Requested entity was not found. {"name":"FirebaseError","children":[],"context":{"body":{"error":{"code":404,"message":"Requested entity was not found.","status":"NOT_FOUND"}},"response":{"statusCode":404}},"exit":1,"message":"Request to https://artifactregistry.googleapis.com/v1/projects/seguridad-mdp-v2/locations/us-central1/repositories/gcf-artifacts had HTTP Error: 404, Requested entity was not found.","status":404}
[debug] [2026-03-14T03:02:22.170Z] Functions deploy failed.
[debug] [2026-03-14T03:02:22.170Z] {
  "endpoint": {
    "id": "geocodeAddress",
    "project": "seguridad-mdp-v2",
    "region": "us-central1",
    "entryPoint": "geocodeAddress",
    "platform": "gcfv1",
    "runtime": "nodejs20",
    "httpsTrigger": {},
    "serviceAccount": null,
    "ingressSettings": null,
    "availableMemoryMb": null,
    "timeoutSeconds": null,
    "maxInstances": null,
    "minInstances": null,
    "vpc": null,
    "environmentVariables": {
      "FIREBASE_CONFIG": "{\"projectId\":\"seguridad-mdp-v2\",\"databaseURL\":\"https://seguridad-mdp-v2-default-rtdb.firebaseio.com\",\"storageBucket\":\"seguridad-mdp-v2.firebasestorage.app\"}",
      "GCLOUD_PROJECT": "seguridad-mdp-v2",
      "EVENTARC_CLOUD_EVENT_SOURCE": "projects/seguridad-mdp-v2/locations/us-central1/functions/geocodeAddress"
    },
    "codebase": "default",
    "targetedByOnly": false,
    "hash": "8632646d787e6d2146e0587b0a2b1c4d0f9d0837",
    "labels": {
      "deployment-tool": "cli-firebase"
    }
  },
  "op": "create",
  "original": {
    "name": "FirebaseError",
    "children": [],
    "context": {
      "function": "projects/seguridad-mdp-v2/locations/us-central1/functions/geocodeAddress"
    },
    "exit": 1,
    "message": "Failed to create function projects/seguridad-mdp-v2/locations/us-central1/functions/geocodeAddress",
    "original": {
      "name": "FirebaseError",
      "children": [],
      "context": {
        "body": {
          "error": {
            "code": 403,
            "message": "Failed to create 1st Gen function projects/seguridad-mdp-v2/locations/us-central1/functions/geocodeAddress: Unable to retrieve the repository metadata for projects/seguridad-mdp-v2/locations/us-central1/repositories/gcf-artifacts. Ensure that the Cloud Functions service account has 'artifactregistry.repositories.list' and 'artifactregistry.repositories.get' permissions. You can add the permissions by granting the role 'roles/artifactregistry.reader'.",
            "status": "PERMISSION_DENIED"
          }
        },
        "response": {
          "statusCode": 403
        }
      },
      "exit": 1,
      "message": "Request to https://cloudfunctions.googleapis.com/v1/projects/seguridad-mdp-v2/locations/us-central1/functions had HTTP Error: 403, Failed to create 1st Gen function projects/seguridad-mdp-v2/locations/us-central1/functions/geocodeAddress: Unable to retrieve the repository metadata for projects/seguridad-mdp-v2/locations/us-central1/repositories/gcf-artifacts. Ensure that the Cloud Functions service account has 'artifactregistry.repositories.list' and 'artifactregistry.repositories.get' permissions. You can add the permissions by granting the role 'roles/artifactregistry.reader'.",
      "status": 403
    },
    "status": 403,
    "code": 403
  }
}
[debug] [2026-03-14T03:02:22.226Z] Error: Failed to create function geocodeAddress in region us-central1
    at C:\Users\gusta\AppData\Roaming\npm\node_modules\firebase-tools\lib\deploy\functions\release\fabricator.js:54:11
    at process.processTicksAndRejections (node:internal/process/task_queues:105:5)
    at async Fabricator.createV1Function (C:\Users\gusta\AppData\Roaming\npm\node_modules\firebase-tools\lib\deploy\functions\release\fabricator.js:193:32)
    at async Fabricator.createEndpoint (C:\Users\gusta\AppData\Roaming\npm\node_modules\firebase-tools\lib\deploy\functions\release\fabricator.js:136:13)
    at async handle (C:\Users\gusta\AppData\Roaming\npm\node_modules\firebase-tools\lib\deploy\functions\release\fabricator.js:91:17)
[error] 
[error] Error: There was an error deploying functions
